internal evaluator: 58 asserts passed, 0 failed; found 0 bugs; overall status: GOOD
