invalid trace: segment 0: cycle 1 sets reg 1 to 42 (expected 63)
invalid trace: segment 0: cycle 2 sets reg 1 to 42 (expected 63)
internal evaluator: 85 asserts passed, 2 failed; found 0 bugs; overall status: BAD
