found bug: access of poisoned address 20 on cycle 12
found bug: found bug in memory check 6
internal evaluator: 731 asserts passed, 0 failed; found 1 bugs; overall status: GOOD
