invalid trace: read from bc5ea8 on cycle 4294967293 produced 1 (expected 0)
invalid trace: assert failed in memory check 3
internal evaluator: 52 asserts passed, 1 failed; found 0 bugs; overall status: BAD
