found bug: access of poisoned address 400 on cycle 2
found bug: found bug in memory check 1
internal evaluator: 78 asserts passed, 0 failed; found 1 bugs; overall status: GOOD
