internal evaluator: 45 asserts passed, 0 failed; found 0 bugs; overall status: GOOD
