internal evaluator: 144 asserts passed, 0 failed; found 0 bugs; overall status: GOOD
