found bug: access of poisoned address 0 on cycle 5
found bug: found bug in memory check 1
internal evaluator: 184 asserts passed, 0 failed; found 1 bugs; overall status: GOOD
