invalid trace: segment 0: cycle 0 sets reg 1 to 1 (expected 0)
invalid trace: segment 0: cycle 1 sets reg 1 to 2 (expected 0)
invalid trace: segment 1: cycle 2 sets reg 1 to 3 (expected 0)
invalid trace: segment 1: cycle 3 sets reg 1 to 4 (expected 0)
invalid trace: segment 3: cycle 4 sets reg 1 to 5 (expected 0)
internal evaluator: 165 asserts passed, 5 failed; found 0 bugs; overall status: BAD
