invalid trace: segment 1: cycle 3 sets reg 1 to 7 (expected 6)
invalid trace: segment 1: cycle 4 sets reg 1 to 7 (expected 6)
invalid trace: segment 1: cycle 5 sets reg 1 to 7 (expected 6)
internal evaluator: 157 asserts passed, 3 failed; found 0 bugs; overall status: BAD
