invalid trace: CycleBreak 0 incoming edge FromNetwork(1) is live, but state doesn't match Network(OutputId(0))
invalid trace: segment 2 (dead) has 1 live successors (expected 0)
internal evaluator: 253 asserts passed, 2 failed; found 0 bugs; overall status: BAD
