found bug: leak of tainted data from register 1 (byte 0) with label 1 does not match output channel label 2 on cycle 0,3
found bug: leak of tainted data from register 1 (byte 1) with label 1 does not match output channel label 2 on cycle 0,3
found bug: leak of tainted data from register 1 (byte 2) with label 1 does not match output channel label 2 on cycle 0,3
found bug: leak of tainted data from register 1 (byte 3) with label 1 does not match output channel label 2 on cycle 0,3
internal evaluator: 166 asserts passed, 0 failed; found 4 bugs; overall status: GOOD
