internal evaluator: 72 asserts passed, 0 failed; found 0 bugs; overall status: BAD
