internal evaluator: 224 asserts passed, 0 failed; found 0 bugs; overall status: BAD
